
> @kova/electron@0.1.0 build C:\Users\allan\Desktop\Kova_ADE\apps\electron
> electron-vite build

[36mvite v6.4.2 [32mbuilding SSR bundle for production...[36m[39m
transforming...
[32m✓[39m 3 modules transformed.
rendering chunks...
[2mout/main/[22m[36mindex.js  [39m[1m[2m32.00 kB[22m[1m[22m
[32m✓ built in 155ms[39m
[36mvite v6.4.2 [32mbuilding SSR bundle for production...[36m[39m
transforming...
[32m✓[39m 1 modules transformed.
rendering chunks...
[2mout/preload/[22m[36mindex.js  [39m[1m[2m3.12 kB[22m[1m[22m
[32m✓ built in 17ms[39m
[36mvite v6.4.2 [32mbuilding for production...[36m[39m
transforming...
[32m✓[39m 42 modules transformed.
rendering chunks...
[2m../../out/renderer/[22m[32mindex.html                 [39m[1m[2m  0.39 kB[22m[1m[22m
[2m../../out/renderer/[22m[35massets/index-D5h-lZlF.css  [39m[1m[2m 16.94 kB[22m[1m[22m
[2m../../out/renderer/[22m[36massets/index-CCcowDXE.js   [39m[1m[33m693.63 kB[39m[22m
[32m✓ built in 908ms[39m
